connected

-- Column 1 --
SQL_DESC_NAME: col1
SQL_DESC_TYPE: 4
SQL_DESC_OCTET_LENGTH: 0
SQL_DESC_PRECISION: 0
SQL_DESC_SCALE: 0
SQL_DESC_NULLABLE: 0

-- Column 2 --
SQL_DESC_NAME: col2
SQL_DESC_TYPE: 2
SQL_DESC_OCTET_LENGTH: 6
SQL_DESC_PRECISION: 4
SQL_DESC_SCALE: 2
SQL_DESC_NULLABLE: 1

-- Column 3 --
SQL_DESC_NAME: col3
SQL_DESC_TYPE: 12
SQL_DESC_OCTET_LENGTH: 40
SQL_DESC_PRECISION: 0
SQL_DESC_SCALE: 0
SQL_DESC_NULLABLE: 0

-- Column 4 --
SQL_DESC_NAME: col4
SQL_DESC_TYPE: -5
SQL_DESC_OCTET_LENGTH: 8
SQL_DESC_PRECISION: 0
SQL_DESC_SCALE: 0
SQL_DESC_NULLABLE: 0
disconnecting
